---
source: src/interpreter/runtime.rs
expression: output_text
---

