---
source: src/interpreter/runtime.rs
expression: ctx.file_tree.root_node().to_sexp()
---
(translation_unit (preproc_include path: (system_lib_string)) (preproc_def name: (identifier) value: (preproc_arg)))
