---
source: src/interpreter/runtime.rs
expression: ctx.file_tree.root_node().to_sexp()
---
(translation_unit)
