---
source: src/interpreter/runtime.rs
expression: ctx.file_cache.to_string()
---

