---
source: src/interpreter/runtime.rs
expression: cache.to_string()
---
 do { bar x; } while(0)
