---
source: src/interpreter/runtime.rs
expression: "String::from_utf8(output).unwrap()"
---

